---
http_interactions:
- request:
    method: get
    uri: https://calsapi.preint.cwds.io/dictionaries/counties
    body:
      encoding: US-ASCII
      string: ''
    headers:
      Content-type:
      - application/json
      Authorization:
      - 765b9edc-08d1-4dd4-9334-a1679dda2017
  response:
    status:
      code: 200
      message: 
    headers:
      content-security-policy:
      - default-src 'self' 'unsafe-inline';
      content-type:
      - application/json
      date:
      - Tue, 24 Jul 2018 00:27:04 GMT
      set-cookie:
      - rememberMe=deleteMe; Path=/; Max-Age=0; Expires=Mon, 23-Jul-2018 00:27:04
        GMT
      vary:
      - Accept-Encoding
      x-content-type-options:
      - nosniff
      x-frame-options:
      - deny
      x-xss-protection:
      - 1; mode=block
      content-length:
      - '597'
      connection:
      - keep-alive
    body:
      encoding: ASCII-8BIT
      string: |-
        {
          "items" : [ {
            "value" : "Alameda",
            "id" : 1
          }, {
            "value" : "Alpine",
            "id" : 2
          }, {
            "value" : "Amador",
            "id" : 3
          }, {
            "value" : "Butte",
            "id" : 4
          }, {
            "value" : "Calaveras",
            "id" : 5
          }, {
            "value" : "Colusa",
            "id" : 6
          }, {
            "value" : "Contra Costa",
            "id" : 7
          }, {
            "value" : "Del Norte",
            "id" : 8
          }, {
            "value" : "El Dorado",
            "id" : 9
          }, {
            "value" : "Fresno",
            "id" : 10
          }, {
            "value" : "Glenn",
            "id" : 11
          }, {
            "value" : "Humboldt",
            "id" : 12
          }, {
            "value" : "Imperial",
            "id" : 13
          }, {
            "value" : "Inyo",
            "id" : 14
          }, {
            "value" : "Kern",
            "id" : 15
          }, {
            "value" : "Kings",
            "id" : 16
          }, {
            "value" : "Lake",
            "id" : 17
          }, {
            "value" : "Lassen",
            "id" : 18
          }, {
            "value" : "Los Angeles",
            "id" : 19
          }, {
            "value" : "Madera",
            "id" : 20
          }, {
            "value" : "Marin",
            "id" : 21
          }, {
            "value" : "Mariposa",
            "id" : 22
          }, {
            "value" : "Mendocino",
            "id" : 23
          }, {
            "value" : "Merced",
            "id" : 24
          }, {
            "value" : "Modoc",
            "id" : 25
          }, {
            "value" : "Mono",
            "id" : 26
          }, {
            "value" : "Monterey",
            "id" : 27
          }, {
            "value" : "Napa",
            "id" : 28
          }, {
            "value" : "Nevada",
            "id" : 29
          }, {
            "value" : "Orange",
            "id" : 30
          }, {
            "value" : "Placer",
            "id" : 31
          }, {
            "value" : "Plumas",
            "id" : 32
          }, {
            "value" : "Riverside",
            "id" : 33
          }, {
            "value" : "Sacramento",
            "id" : 34
          }, {
            "value" : "San Benito",
            "id" : 35
          }, {
            "value" : "San Bernardino",
            "id" : 36
          }, {
            "value" : "San Diego",
            "id" : 37
          }, {
            "value" : "San Francisco",
            "id" : 38
          }, {
            "value" : "San Joaquin",
            "id" : 39
          }, {
            "value" : "San Luis Obispo",
            "id" : 40
          }, {
            "value" : "San Mateo",
            "id" : 41
          }, {
            "value" : "Santa Barbara",
            "id" : 42
          }, {
            "value" : "Santa Clara",
            "id" : 43
          }, {
            "value" : "Santa Cruz",
            "id" : 44
          }, {
            "value" : "Shasta",
            "id" : 45
          }, {
            "value" : "Sierra",
            "id" : 46
          }, {
            "value" : "Siskiyou",
            "id" : 47
          }, {
            "value" : "Solano",
            "id" : 48
          }, {
            "value" : "Sonoma",
            "id" : 49
          }, {
            "value" : "Stanislaus",
            "id" : 50
          }, {
            "value" : "State of California",
            "id" : 99
          }, {
            "value" : "Sutter",
            "id" : 51
          }, {
            "value" : "Tehama",
            "id" : 52
          }, {
            "value" : "Trinity",
            "id" : 53
          }, {
            "value" : "Tulare",
            "id" : 54
          }, {
            "value" : "Tuolumne",
            "id" : 55
          }, {
            "value" : "Ventura",
            "id" : 56
          }, {
            "value" : "Yolo",
            "id" : 57
          }, {
            "value" : "Yuba",
            "id" : 58
          } ]
        }
    http_version: 
  recorded_at: Tue, 24 Jul 2018 00:27:05 GMT
- request:
    method: get
    uri: https://calsapi.preint.cwds.io/dictionaries/facility-types
    body:
      encoding: US-ASCII
      string: ''
    headers:
      Content-type:
      - application/json
      Authorization:
      - 765b9edc-08d1-4dd4-9334-a1679dda2017
  response:
    status:
      code: 200
      message: 
    headers:
      content-security-policy:
      - default-src 'self' 'unsafe-inline';
      content-type:
      - application/json
      date:
      - Tue, 24 Jul 2018 00:27:05 GMT
      set-cookie:
      - rememberMe=deleteMe; Path=/; Max-Age=0; Expires=Mon, 23-Jul-2018 00:27:05
        GMT
      vary:
      - Accept-Encoding
      x-content-type-options:
      - nosniff
      x-frame-options:
      - deny
      x-xss-protection:
      - 1; mode=block
      content-length:
      - '473'
      connection:
      - keep-alive
    body:
      encoding: ASCII-8BIT
      string: |-
        {
          "items" : [ {
            "value" : "Adoption Agency",
            "id" : 1
          }, {
            "value" : "Community Treatment Facility",
            "id" : 11
          }, {
            "value" : "County Shelter/Receiving Home(Non EA/AFDC)",
            "id" : 16
          }, {
            "value" : "Court Specified Home",
            "id" : 17
          }, {
            "value" : "Crisis Nursery",
            "id" : 7
          }, {
            "value" : "Foster Fam Agency Cert Resource Fam Home",
            "id" : 23
          }, {
            "value" : "Foster Family Agency",
            "id" : 3
          }, {
            "value" : "Foster Family Agency Certified Home",
            "id" : 22
          }, {
            "value" : "Foster Family AG-Sub",
            "id" : 4
          }, {
            "value" : "Foster Family Home",
            "id" : 6
          }, {
            "value" : "GH-Enhanced Behavioral Supports Home",
            "id" : 12
          }, {
            "value" : "Group Home",
            "id" : 13
          }, {
            "value" : "Guardian Home",
            "id" : 19
          }, {
            "value" : "Out Of State GH",
            "id" : 14
          }, {
            "value" : "Relative/NREFM Home",
            "id" : 20
          }, {
            "value" : "Resource Family Home",
            "id" : 2
          }, {
            "value" : "Runaway And Homeless Youth Shelter-GH",
            "id" : 24
          }, {
            "value" : "Short Term Residential Therapeutic Program",
            "id" : 15
          }, {
            "value" : "Small Family Home",
            "id" : 5
          }, {
            "value" : "Supervised Independent Living Placement",
            "id" : 21
          }, {
            "value" : "Temporary Shelter Care Facility",
            "id" : 8
          }, {
            "value" : "Transitional Housing Placement Program",
            "id" : 10
          }, {
            "value" : "Transitional Shelter Care",
            "id" : 9
          }, {
            "value" : "Tribe Specified Home",
            "id" : 18
          } ]
        }
    http_version: 
  recorded_at: Tue, 24 Jul 2018 00:27:05 GMT
- request:
    method: get
    uri: https://calsapi.preint.cwds.io/dictionaries/license-status-types
    body:
      encoding: US-ASCII
      string: ''
    headers:
      Content-type:
      - application/json
      Authorization:
      - 765b9edc-08d1-4dd4-9334-a1679dda2017
  response:
    status:
      code: 200
      message: 
    headers:
      content-security-policy:
      - default-src 'self' 'unsafe-inline';
      content-type:
      - application/json
      date:
      - Tue, 24 Jul 2018 00:27:05 GMT
      set-cookie:
      - rememberMe=deleteMe; Path=/; Max-Age=0; Expires=Mon, 23-Jul-2018 00:27:05
        GMT
      vary:
      - Accept-Encoding
      x-content-type-options:
      - nosniff
      x-frame-options:
      - deny
      x-xss-protection:
      - 1; mode=block
      content-length:
      - '505'
      connection:
      - keep-alive
    body:
      encoding: ASCII-8BIT
      string: |-
        {
          "items" : [ {
            "value" : "Application Denied",
            "id" : 8,
            "active" : false
          }, {
            "value" : "Application Withdrawn",
            "id" : 7,
            "active" : false
          }, {
            "value" : "Certified (CFH, RFH & OSGHC)",
            "id" : 12,
            "active" : true
          }, {
            "value" : "Closed Non-payment",
            "id" : 13,
            "active" : false
          }, {
            "value" : "Closed, Agency Initiated",
            "id" : 10,
            "active" : false
          }, {
            "value" : "Closed, Change of Location",
            "id" : 15,
            "active" : false
          }, {
            "value" : "Closed, Change of Ownership",
            "id" : 14,
            "active" : false
          }, {
            "value" : "Closed, Unlicensed Facility",
            "id" : 11,
            "active" : false
          }, {
            "value" : "Closed,License Initiated",
            "id" : 9,
            "active" : false
          }, {
            "value" : "Decertified (CFH), Rescinded (RFH)",
            "id" : 16,
            "active" : false
          }, {
            "value" : "Inactive",
            "id" : 18,
            "active" : false
          }, {
            "value" : "Incomplete Application",
            "id" : 17,
            "active" : false
          }, {
            "value" : "Licensed",
            "id" : 3,
            "active" : true
          }, {
            "value" : "Licensed Pendng Incr in Capacty/Toddlers",
            "id" : 19,
            "active" : false
          }, {
            "value" : "Licensed/Pending Increase",
            "id" : 6,
            "active" : true
          }, {
            "value" : "Licensee initiated closure",
            "id" : 20,
            "active" : false
          }, {
            "value" : "Pending",
            "id" : 2,
            "active" : true
          }, {
            "value" : "Probationary License",
            "id" : 5,
            "active" : true
          }, {
            "value" : "Provisional License",
            "id" : 4,
            "active" : true
          }, {
            "value" : "RFA Approved",
            "id" : 30,
            "active" : true
          }, {
            "value" : "RFA Denied",
            "id" : 24,
            "active" : false
          }, {
            "value" : "RFA Discontinued",
            "id" : 25,
            "active" : false
          }, {
            "value" : "RFA Pending",
            "id" : 26,
            "active" : true
          }, {
            "value" : "RFA Probationary",
            "id" : 27,
            "active" : true
          }, {
            "value" : "RFA Suspended",
            "id" : 28,
            "active" : false
          }, {
            "value" : "RFA Withdrawal",
            "id" : 29,
            "active" : false
          }, {
            "value" : "Revoked",
            "id" : 21,
            "active" : false
          }, {
            "value" : "Suspended",
            "id" : 23,
            "active" : false
          }, {
            "value" : "Unlicensed",
            "id" : 1,
            "active" : false
          }, {
            "value" : "Unlicensed Facility Closure",
            "id" : 22,
            "active" : false
          } ]
        }
    http_version: 
  recorded_at: Tue, 24 Jul 2018 00:27:05 GMT
- request:
    method: post
    uri: https://dora.preint.cwds.io/dora/facilities/facility/_search
    body:
      encoding: UTF-8
      string: '{"query":{"bool":{"should":[{"bool":{"must":[{"term":{"county.id":"19"}}]}}]}},"from":"0","size":"10","sort":["_score",{"name.for_sort":{"order":"asc"}}]}'
    headers:
      Content-type:
      - application/json
      Authorization:
      - 765b9edc-08d1-4dd4-9334-a1679dda2017
  response:
    status:
      code: 200
      message: 
    headers:
      content-type:
      - application/json
      date:
      - Tue, 24 Jul 2018 00:27:05 GMT
      set-cookie:
      - rememberMe=deleteMe; Path=/; Max-Age=0; Expires=Mon, 23-Jul-2018 00:27:06
        GMT
      content-length:
      - '11590'
      connection:
      - keep-alive
    body:
      encoding: UTF-8
      string: '{"took":3,"timed_out":false,"_shards":{"total":1,"successful":1,"failed":0},"hits":{"total":3599,"max_score":null,"hits":[{"_index":"facilities","_type":"facility","_id":"Mkx5qDZ197","_score":1.0,"_source":{"href":null,"id":"Mkx5qDZ197","capacity_last_changed":null,"type":{"id":"22","value":"Foster
        Family Agency Certified Home"},"adoption_home_only_indicator":false,"name":"","licensee_name":"","license_type":null,"assigned_worker":{"phones":[],"email":null,"full_name":"","id":null},"district_office":null,"license_number":null,"status":null,"capacity":0,"license_effective_date":null,"original_application_recieved_date":null,"last_visit_date":null,"last_deferred_visit_date":null,"email_address":null,"full_residential_address":"183
        Palm Altadena CA 91001","full_mailing_address":null,"last_visit_reason":null,"last_deferred_visit_reason":null,"county":{"id":"19","value":"Los
        Angeles","lis_code":null},"phones":[],"addresses":[{"id":null,"type":"Residential","address":{"id":null,"longitude":null,"lattitude":null,"deliverable":null,"street_address":"183
        Palm","city":"Altadena","state":"CA","zip_code":"91001","zip_suffix_code":null}}],"visits":[],"annual_visit_year":null,"prelicensing_visit_date":null,"facility_source":"CWS/CMS"},"sort":[1.0,""]},{"_index":"facilities","_type":"facility","_id":"AbsaFbF194","_score":1.0,"_source":{"href":null,"id":"AbsaFbF194","capacity_last_changed":null,"type":{"id":"22","value":"Foster
        Family Agency Certified Home"},"adoption_home_only_indicator":false,"name":"","licensee_name":"","license_type":null,"assigned_worker":{"phones":[],"email":null,"full_name":"","id":null},"district_office":null,"license_number":null,"status":null,"capacity":0,"license_effective_date":null,"original_application_recieved_date":null,"last_visit_date":null,"last_deferred_visit_date":null,"email_address":null,"full_residential_address":"12128
        Wilson Lynwood CA 90262","full_mailing_address":null,"last_visit_reason":null,"last_deferred_visit_reason":null,"county":{"id":"19","value":"Los
        Angeles","lis_code":null},"phones":[],"addresses":[{"id":null,"type":"Residential","address":{"id":null,"longitude":null,"lattitude":null,"deliverable":null,"street_address":"12128
        Wilson","city":"Lynwood","state":"CA","zip_code":"90262","zip_suffix_code":null}}],"visits":[],"annual_visit_year":null,"prelicensing_visit_date":null,"facility_source":"CWS/CMS"},"sort":[1.0,""]},{"_index":"facilities","_type":"facility","_id":"AcSuuFV194","_score":1.0,"_source":{"href":null,"id":"AcSuuFV194","capacity_last_changed":null,"type":{"id":"22","value":"Foster
        Family Agency Certified Home"},"adoption_home_only_indicator":false,"name":"","licensee_name":"","license_type":null,"assigned_worker":{"phones":[],"email":null,"full_name":"","id":null},"district_office":null,"license_number":null,"status":null,"capacity":0,"license_effective_date":null,"original_application_recieved_date":null,"last_visit_date":null,"last_deferred_visit_date":null,"email_address":null,"full_residential_address":"9054
        Ave R12 Littlerock CA 93543","full_mailing_address":null,"last_visit_reason":null,"last_deferred_visit_reason":null,"county":{"id":"19","value":"Los
        Angeles","lis_code":null},"phones":[],"addresses":[{"id":null,"type":"Residential","address":{"id":null,"longitude":null,"lattitude":null,"deliverable":null,"street_address":"9054
        Ave R12","city":"Littlerock","state":"CA","zip_code":"93543","zip_suffix_code":null}}],"visits":[],"annual_visit_year":null,"prelicensing_visit_date":null,"facility_source":"CWS/CMS"},"sort":[1.0,""]},{"_index":"facilities","_type":"facility","_id":"AddIcPx194","_score":1.0,"_source":{"href":null,"id":"AddIcPx194","capacity_last_changed":null,"type":{"id":"22","value":"Foster
        Family Agency Certified Home"},"adoption_home_only_indicator":false,"name":"","licensee_name":"","license_type":null,"assigned_worker":{"phones":[],"email":null,"full_name":"","id":null},"district_office":null,"license_number":null,"status":null,"capacity":0,"license_effective_date":null,"original_application_recieved_date":null,"last_visit_date":null,"last_deferred_visit_date":null,"email_address":null,"full_residential_address":"5760
        Ave Quartz Hill CA 93536","full_mailing_address":null,"last_visit_reason":null,"last_deferred_visit_reason":null,"county":{"id":"19","value":"Los
        Angeles","lis_code":null},"phones":[],"addresses":[{"id":null,"type":"Residential","address":{"id":null,"longitude":null,"lattitude":null,"deliverable":null,"street_address":"5760
        Ave","city":"Quartz Hill","state":"CA","zip_code":"93536","zip_suffix_code":null}}],"visits":[],"annual_visit_year":null,"prelicensing_visit_date":null,"facility_source":"CWS/CMS"},"sort":[1.0,""]},{"_index":"facilities","_type":"facility","_id":"AbIFawz194","_score":1.0,"_source":{"href":null,"id":"AbIFawz194","capacity_last_changed":null,"type":{"id":"22","value":"Foster
        Family Agency Certified Home"},"adoption_home_only_indicator":false,"name":"","licensee_name":"","license_type":null,"assigned_worker":{"phones":[],"email":null,"full_name":"","id":null},"district_office":null,"license_number":null,"status":null,"capacity":0,"license_effective_date":null,"original_application_recieved_date":null,"last_visit_date":null,"last_deferred_visit_date":null,"email_address":null,"full_residential_address":"91620
        Alene Tujunga CA 91042","full_mailing_address":null,"last_visit_reason":null,"last_deferred_visit_reason":null,"county":{"id":"19","value":"Los
        Angeles","lis_code":null},"phones":[],"addresses":[{"id":null,"type":"Residential","address":{"id":null,"longitude":null,"lattitude":null,"deliverable":null,"street_address":"91620
        Alene","city":"Tujunga","state":"CA","zip_code":"91042","zip_suffix_code":null}}],"visits":[],"annual_visit_year":null,"prelicensing_visit_date":null,"facility_source":"CWS/CMS"},"sort":[1.0,""]},{"_index":"facilities","_type":"facility","_id":"AdvkXs9194","_score":1.0,"_source":{"href":null,"id":"AdvkXs9194","capacity_last_changed":null,"type":{"id":"22","value":"Foster
        Family Agency Certified Home"},"adoption_home_only_indicator":false,"name":"","licensee_name":"","license_type":null,"assigned_worker":{"phones":[],"email":null,"full_name":"","id":null},"district_office":null,"license_number":null,"status":null,"capacity":0,"license_effective_date":null,"original_application_recieved_date":null,"last_visit_date":null,"last_deferred_visit_date":null,"email_address":null,"full_residential_address":"38633
        Angeltrumpet Palmdale CA 93550","full_mailing_address":null,"last_visit_reason":null,"last_deferred_visit_reason":null,"county":{"id":"19","value":"Los
        Angeles","lis_code":null},"phones":[],"addresses":[{"id":null,"type":"Residential","address":{"id":null,"longitude":null,"lattitude":null,"deliverable":null,"street_address":"38633
        Angeltrumpet","city":"Palmdale","state":"CA","zip_code":"93550","zip_suffix_code":null}}],"visits":[],"annual_visit_year":null,"prelicensing_visit_date":null,"facility_source":"CWS/CMS"},"sort":[1.0,""]},{"_index":"facilities","_type":"facility","_id":"Aold4kr194","_score":1.0,"_source":{"href":null,"id":"Aold4kr194","capacity_last_changed":null,"type":{"id":"22","value":"Foster
        Family Agency Certified Home"},"adoption_home_only_indicator":false,"name":"","licensee_name":"","license_type":null,"assigned_worker":{"phones":[],"email":null,"full_name":"","id":null},"district_office":null,"license_number":null,"status":null,"capacity":0,"license_effective_date":null,"original_application_recieved_date":null,"last_visit_date":null,"last_deferred_visit_date":null,"email_address":null,"full_residential_address":"1301
        41st Los Angeles CA 90037","full_mailing_address":null,"last_visit_reason":null,"last_deferred_visit_reason":null,"county":{"id":"19","value":"Los
        Angeles","lis_code":null},"phones":[],"addresses":[{"id":null,"type":"Residential","address":{"id":null,"longitude":null,"lattitude":null,"deliverable":null,"street_address":"1301
        41st","city":"Los Angeles","state":"CA","zip_code":"90037","zip_suffix_code":null}}],"visits":[],"annual_visit_year":null,"prelicensing_visit_date":null,"facility_source":"CWS/CMS"},"sort":[1.0,""]},{"_index":"facilities","_type":"facility","_id":"AomCH0z194","_score":1.0,"_source":{"href":null,"id":"AomCH0z194","capacity_last_changed":null,"type":{"id":"22","value":"Foster
        Family Agency Certified Home"},"adoption_home_only_indicator":false,"name":"","licensee_name":"","license_type":null,"assigned_worker":{"phones":[],"email":null,"full_name":"","id":null},"district_office":null,"license_number":null,"status":null,"capacity":0,"license_effective_date":null,"original_application_recieved_date":null,"last_visit_date":null,"last_deferred_visit_date":null,"email_address":null,"full_residential_address":"10448
        Marklein Mission Hills CA 91345","full_mailing_address":null,"last_visit_reason":null,"last_deferred_visit_reason":null,"county":{"id":"19","value":"Los
        Angeles","lis_code":null},"phones":[],"addresses":[{"id":null,"type":"Residential","address":{"id":null,"longitude":null,"lattitude":null,"deliverable":null,"street_address":"10448
        Marklein","city":"Mission Hills","state":"CA","zip_code":"91345","zip_suffix_code":null}}],"visits":[],"annual_visit_year":null,"prelicensing_visit_date":null,"facility_source":"CWS/CMS"},"sort":[1.0,""]},{"_index":"facilities","_type":"facility","_id":"ApLxjP7194","_score":1.0,"_source":{"href":null,"id":"ApLxjP7194","capacity_last_changed":null,"type":{"id":"22","value":"Foster
        Family Agency Certified Home"},"adoption_home_only_indicator":false,"name":"","licensee_name":"","license_type":null,"assigned_worker":{"phones":[],"email":null,"full_name":"","id":null},"district_office":null,"license_number":null,"status":null,"capacity":0,"license_effective_date":null,"original_application_recieved_date":null,"last_visit_date":null,"last_deferred_visit_date":null,"email_address":null,"full_residential_address":"3985
        Strang Los Angeles CA 90063","full_mailing_address":null,"last_visit_reason":null,"last_deferred_visit_reason":null,"county":{"id":"19","value":"Los
        Angeles","lis_code":null},"phones":[],"addresses":[{"id":null,"type":"Residential","address":{"id":null,"longitude":null,"lattitude":null,"deliverable":null,"street_address":"3985
        Strang","city":"Los Angeles","state":"CA","zip_code":"90063","zip_suffix_code":null}}],"visits":[],"annual_visit_year":null,"prelicensing_visit_date":null,"facility_source":"CWS/CMS"},"sort":[1.0,""]},{"_index":"facilities","_type":"facility","_id":"Ap3nP4z194","_score":1.0,"_source":{"href":null,"id":"Ap3nP4z194","capacity_last_changed":null,"type":{"id":"22","value":"Foster
        Family Agency Certified Home"},"adoption_home_only_indicator":false,"name":"","licensee_name":"","license_type":null,"assigned_worker":{"phones":[],"email":null,"full_name":"","id":null},"district_office":null,"license_number":null,"status":null,"capacity":0,"license_effective_date":null,"original_application_recieved_date":null,"last_visit_date":null,"last_deferred_visit_date":null,"email_address":null,"full_residential_address":"15909
        Loukelton La Puente CA 91744","full_mailing_address":null,"last_visit_reason":null,"last_deferred_visit_reason":null,"county":{"id":"19","value":"Los
        Angeles","lis_code":null},"phones":[],"addresses":[{"id":null,"type":"Residential","address":{"id":null,"longitude":null,"lattitude":null,"deliverable":null,"street_address":"15909
        Loukelton","city":"La Puente","state":"CA","zip_code":"91744","zip_suffix_code":null}}],"visits":[],"annual_visit_year":null,"prelicensing_visit_date":null,"facility_source":"CWS/CMS"},"sort":[1.0,""]}]}}'
    http_version: 
  recorded_at: Tue, 24 Jul 2018 00:27:06 GMT
- request:
    method: post
    uri: https://dora.preint.cwds.io/dora/facilities/facility/_search
    body:
      encoding: UTF-8
      string: '{"query":{"bool":{"should":[{"bool":{"must":[{"term":{"county.id":"19"}}]}}]}},"from":"10","size":"10","sort":["_score",{"name.for_sort":{"order":"asc"}}]}'
    headers:
      Content-type:
      - application/json
      Authorization:
      - 765b9edc-08d1-4dd4-9334-a1679dda2017
  response:
    status:
      code: 200
      message: 
    headers:
      content-type:
      - application/json
      date:
      - Tue, 24 Jul 2018 00:27:07 GMT
      set-cookie:
      - rememberMe=deleteMe; Path=/; Max-Age=0; Expires=Mon, 23-Jul-2018 00:27:07
        GMT
      transfer-encoding:
      - chunked
      connection:
      - keep-alive
    body:
      encoding: UTF-8
      string: '{"took":1,"timed_out":false,"_shards":{"total":1,"successful":1,"failed":0},"hits":{"total":3599,"max_score":null,"hits":[{"_index":"facilities","_type":"facility","_id":"Axr4pwv194","_score":1.0,"_source":{"href":null,"id":"Axr4pwv194","capacity_last_changed":null,"type":{"id":"22","value":"Foster
        Family Agency Certified Home"},"adoption_home_only_indicator":false,"name":"","licensee_name":"","license_type":null,"assigned_worker":{"phones":[],"email":null,"full_name":"","id":null},"district_office":null,"license_number":null,"status":null,"capacity":0,"license_effective_date":null,"original_application_recieved_date":null,"last_visit_date":null,"last_deferred_visit_date":null,"email_address":null,"full_residential_address":"3844
        Las Palmas Palmdale CA 93550","full_mailing_address":null,"last_visit_reason":null,"last_deferred_visit_reason":null,"county":{"id":"19","value":"Los
        Angeles","lis_code":null},"phones":[],"addresses":[{"id":null,"type":"Residential","address":{"id":null,"longitude":null,"lattitude":null,"deliverable":null,"street_address":"3844
        Las Palmas","city":"Palmdale","state":"CA","zip_code":"93550","zip_suffix_code":null}}],"visits":[],"annual_visit_year":null,"prelicensing_visit_date":null,"facility_source":"CWS/CMS"},"sort":[1.0,""]},{"_index":"facilities","_type":"facility","_id":"Ay9FAH3194","_score":1.0,"_source":{"href":null,"id":"Ay9FAH3194","capacity_last_changed":null,"type":{"id":"22","value":"Foster
        Family Agency Certified Home"},"adoption_home_only_indicator":false,"name":"","licensee_name":"","license_type":null,"assigned_worker":{"phones":[],"email":null,"full_name":"","id":null},"district_office":null,"license_number":null,"status":null,"capacity":0,"license_effective_date":null,"original_application_recieved_date":null,"last_visit_date":null,"last_deferred_visit_date":null,"email_address":null,"full_residential_address":"22054
        Ave G Lancaster CA 93636","full_mailing_address":null,"last_visit_reason":null,"last_deferred_visit_reason":null,"county":{"id":"19","value":"Los
        Angeles","lis_code":null},"phones":[],"addresses":[{"id":null,"type":"Residential","address":{"id":null,"longitude":null,"lattitude":null,"deliverable":null,"street_address":"22054
        Ave G","city":"Lancaster","state":"CA","zip_code":"93636","zip_suffix_code":null}}],"visits":[],"annual_visit_year":null,"prelicensing_visit_date":null,"facility_source":"CWS/CMS"},"sort":[1.0,""]},{"_index":"facilities","_type":"facility","_id":"AxGkBIf194","_score":1.0,"_source":{"href":null,"id":"AxGkBIf194","capacity_last_changed":null,"type":{"id":"22","value":"Foster
        Family Agency Certified Home"},"adoption_home_only_indicator":false,"name":"","licensee_name":"","license_type":null,"assigned_worker":{"phones":[],"email":null,"full_name":"","id":null},"district_office":null,"license_number":null,"status":null,"capacity":0,"license_effective_date":null,"original_application_recieved_date":null,"last_visit_date":null,"last_deferred_visit_date":null,"email_address":null,"full_residential_address":"4531
        Myra Cypress CA 90638","full_mailing_address":null,"last_visit_reason":null,"last_deferred_visit_reason":null,"county":{"id":"19","value":"Los
        Angeles","lis_code":null},"phones":[],"addresses":[{"id":null,"type":"Residential","address":{"id":null,"longitude":null,"lattitude":null,"deliverable":null,"street_address":"4531
        Myra","city":"Cypress","state":"CA","zip_code":"90638","zip_suffix_code":null}}],"visits":[],"annual_visit_year":null,"prelicensing_visit_date":null,"facility_source":"CWS/CMS"},"sort":[1.0,""]},{"_index":"facilities","_type":"facility","_id":"AzJcsRV194","_score":1.0,"_source":{"href":null,"id":"AzJcsRV194","capacity_last_changed":null,"type":{"id":"22","value":"Foster
        Family Agency Certified Home"},"adoption_home_only_indicator":false,"name":"","licensee_name":"","license_type":null,"assigned_worker":{"phones":[],"email":null,"full_name":"","id":null},"district_office":null,"license_number":null,"status":null,"capacity":0,"license_effective_date":null,"original_application_recieved_date":null,"last_visit_date":null,"last_deferred_visit_date":null,"email_address":null,"full_residential_address":"3708
        64th Inglewood CA 90302","full_mailing_address":null,"last_visit_reason":null,"last_deferred_visit_reason":null,"county":{"id":"19","value":"Los
        Angeles","lis_code":null},"phones":[],"addresses":[{"id":null,"type":"Residential","address":{"id":null,"longitude":null,"lattitude":null,"deliverable":null,"street_address":"3708
        64th","city":"Inglewood","state":"CA","zip_code":"90302","zip_suffix_code":null}}],"visits":[],"annual_visit_year":null,"prelicensing_visit_date":null,"facility_source":"CWS/CMS"},"sort":[1.0,""]},{"_index":"facilities","_type":"facility","_id":"AzuF8Dp194","_score":1.0,"_source":{"href":null,"id":"AzuF8Dp194","capacity_last_changed":null,"type":{"id":"22","value":"Foster
        Family Agency Certified Home"},"adoption_home_only_indicator":false,"name":"","licensee_name":"","license_type":null,"assigned_worker":{"phones":[],"email":null,"full_name":"","id":null},"district_office":null,"license_number":null,"status":null,"capacity":0,"license_effective_date":null,"original_application_recieved_date":null,"last_visit_date":null,"last_deferred_visit_date":null,"email_address":null,"full_residential_address":"443633
        David Lancaster CA 93535","full_mailing_address":null,"last_visit_reason":null,"last_deferred_visit_reason":null,"county":{"id":"19","value":"Los
        Angeles","lis_code":null},"phones":[],"addresses":[{"id":null,"type":"Residential","address":{"id":null,"longitude":null,"lattitude":null,"deliverable":null,"street_address":"443633
        David","city":"Lancaster","state":"CA","zip_code":"93535","zip_suffix_code":null}}],"visits":[],"annual_visit_year":null,"prelicensing_visit_date":null,"facility_source":"CWS/CMS"},"sort":[1.0,""]},{"_index":"facilities","_type":"facility","_id":"AzJuTZZ194","_score":1.0,"_source":{"href":null,"id":"AzJuTZZ194","capacity_last_changed":null,"type":{"id":"22","value":"Foster
        Family Agency Certified Home"},"adoption_home_only_indicator":false,"name":"","licensee_name":"","license_type":null,"assigned_worker":{"phones":[],"email":null,"full_name":"","id":null},"district_office":null,"license_number":null,"status":null,"capacity":0,"license_effective_date":null,"original_application_recieved_date":null,"last_visit_date":null,"last_deferred_visit_date":null,"email_address":null,"full_residential_address":"7255
        Peachtree Lane Little Rock CA 93543","full_mailing_address":null,"last_visit_reason":null,"last_deferred_visit_reason":null,"county":{"id":"19","value":"Los
        Angeles","lis_code":null},"phones":[],"addresses":[{"id":null,"type":"Residential","address":{"id":null,"longitude":null,"lattitude":null,"deliverable":null,"street_address":"7255
        Peachtree Lane","city":"Little Rock","state":"CA","zip_code":"93543","zip_suffix_code":null}}],"visits":[],"annual_visit_year":null,"prelicensing_visit_date":null,"facility_source":"CWS/CMS"},"sort":[1.0,""]},{"_index":"facilities","_type":"facility","_id":"ADqdlqb194","_score":1.0,"_source":{"href":null,"id":"ADqdlqb194","capacity_last_changed":null,"type":{"id":"22","value":"Foster
        Family Agency Certified Home"},"adoption_home_only_indicator":false,"name":"","licensee_name":"","license_type":null,"assigned_worker":{"phones":[],"email":null,"full_name":"","id":null},"district_office":null,"license_number":null,"status":null,"capacity":0,"license_effective_date":null,"original_application_recieved_date":null,"last_visit_date":null,"last_deferred_visit_date":null,"email_address":null,"full_residential_address":"42933
        Alep Lancaster CA 93536","full_mailing_address":null,"last_visit_reason":null,"last_deferred_visit_reason":null,"county":{"id":"19","value":"Los
        Angeles","lis_code":null},"phones":[],"addresses":[{"id":null,"type":"Residential","address":{"id":null,"longitude":null,"lattitude":null,"deliverable":null,"street_address":"42933
        Alep","city":"Lancaster","state":"CA","zip_code":"93536","zip_suffix_code":null}}],"visits":[],"annual_visit_year":null,"prelicensing_visit_date":null,"facility_source":"CWS/CMS"},"sort":[1.0,""]},{"_index":"facilities","_type":"facility","_id":"ADGsJST194","_score":1.0,"_source":{"href":null,"id":"ADGsJST194","capacity_last_changed":null,"type":{"id":"22","value":"Foster
        Family Agency Certified Home"},"adoption_home_only_indicator":false,"name":"","licensee_name":"","license_type":null,"assigned_worker":{"phones":[],"email":null,"full_name":"","id":null},"district_office":null,"license_number":null,"status":null,"capacity":0,"license_effective_date":null,"original_application_recieved_date":null,"last_visit_date":null,"last_deferred_visit_date":null,"email_address":null,"full_residential_address":"1066
        Orange Grove San Fernando CA 91340","full_mailing_address":null,"last_visit_reason":null,"last_deferred_visit_reason":null,"county":{"id":"19","value":"Los
        Angeles","lis_code":null},"phones":[],"addresses":[{"id":null,"type":"Residential","address":{"id":null,"longitude":null,"lattitude":null,"deliverable":null,"street_address":"1066
        Orange Grove","city":"San Fernando","state":"CA","zip_code":"91340","zip_suffix_code":null}}],"visits":[],"annual_visit_year":null,"prelicensing_visit_date":null,"facility_source":"CWS/CMS"},"sort":[1.0,""]},{"_index":"facilities","_type":"facility","_id":"AzbnCld194","_score":1.0,"_source":{"href":null,"id":"AzbnCld194","capacity_last_changed":null,"type":{"id":"22","value":"Foster
        Family Agency Certified Home"},"adoption_home_only_indicator":false,"name":"","licensee_name":"","license_type":null,"assigned_worker":{"phones":[],"email":null,"full_name":"","id":null},"district_office":null,"license_number":null,"status":null,"capacity":0,"license_effective_date":null,"original_application_recieved_date":null,"last_visit_date":null,"last_deferred_visit_date":null,"email_address":null,"full_residential_address":"5817
        Lighthouse Palmdale CA 93552","full_mailing_address":null,"last_visit_reason":null,"last_deferred_visit_reason":null,"county":{"id":"19","value":"Los
        Angeles","lis_code":null},"phones":[],"addresses":[{"id":null,"type":"Residential","address":{"id":null,"longitude":null,"lattitude":null,"deliverable":null,"street_address":"5817
        Lighthouse","city":"Palmdale","state":"CA","zip_code":"93552","zip_suffix_code":null}}],"visits":[],"annual_visit_year":null,"prelicensing_visit_date":null,"facility_source":"CWS/CMS"},"sort":[1.0,""]},{"_index":"facilities","_type":"facility","_id":"ALTFtQ1194","_score":1.0,"_source":{"href":null,"id":"ALTFtQ1194","capacity_last_changed":null,"type":{"id":"22","value":"Foster
        Family Agency Certified Home"},"adoption_home_only_indicator":false,"name":"","licensee_name":"","license_type":null,"assigned_worker":{"phones":[],"email":null,"full_name":"","id":null},"district_office":null,"license_number":null,"status":null,"capacity":0,"license_effective_date":null,"original_application_recieved_date":null,"last_visit_date":null,"last_deferred_visit_date":null,"email_address":null,"full_residential_address":"1961
        Arcdale Rowland Hgts CA 91748","full_mailing_address":null,"last_visit_reason":null,"last_deferred_visit_reason":null,"county":{"id":"19","value":"Los
        Angeles","lis_code":null},"phones":[],"addresses":[{"id":null,"type":"Residential","address":{"id":null,"longitude":null,"lattitude":null,"deliverable":null,"street_address":"1961
        Arcdale","city":"Rowland Hgts","state":"CA","zip_code":"91748","zip_suffix_code":null}}],"visits":[],"annual_visit_year":null,"prelicensing_visit_date":null,"facility_source":"CWS/CMS"},"sort":[1.0,""]}]}}'
    http_version: 
  recorded_at: Tue, 24 Jul 2018 00:27:07 GMT
- request:
    method: post
    uri: https://dora.preint.cwds.io/dora/facilities/facility/_search
    body:
      encoding: UTF-8
      string: '{"query":{"bool":{"should":[{"bool":{"must":[{"term":{"county.id":"19"}}]}}]}},"from":"0","size":"10","sort":["_score",{"name.for_sort":{"order":"asc"}}]}'
    headers:
      Content-type:
      - application/json
      Authorization:
      - 765b9edc-08d1-4dd4-9334-a1679dda2017
  response:
    status:
      code: 200
      message: 
    headers:
      content-type:
      - application/json
      date:
      - Tue, 24 Jul 2018 00:27:07 GMT
      set-cookie:
      - rememberMe=deleteMe; Path=/; Max-Age=0; Expires=Mon, 23-Jul-2018 00:27:07
        GMT
      transfer-encoding:
      - chunked
      connection:
      - keep-alive
    body:
      encoding: UTF-8
      string: '{"took":4,"timed_out":false,"_shards":{"total":1,"successful":1,"failed":0},"hits":{"total":3599,"max_score":null,"hits":[{"_index":"facilities","_type":"facility","_id":"Mkx5qDZ197","_score":1.0,"_source":{"href":null,"id":"Mkx5qDZ197","capacity_last_changed":null,"type":{"id":"22","value":"Foster
        Family Agency Certified Home"},"adoption_home_only_indicator":false,"name":"","licensee_name":"","license_type":null,"assigned_worker":{"phones":[],"email":null,"full_name":"","id":null},"district_office":null,"license_number":null,"status":null,"capacity":0,"license_effective_date":null,"original_application_recieved_date":null,"last_visit_date":null,"last_deferred_visit_date":null,"email_address":null,"full_residential_address":"183
        Palm Altadena CA 91001","full_mailing_address":null,"last_visit_reason":null,"last_deferred_visit_reason":null,"county":{"id":"19","value":"Los
        Angeles","lis_code":null},"phones":[],"addresses":[{"id":null,"type":"Residential","address":{"id":null,"longitude":null,"lattitude":null,"deliverable":null,"street_address":"183
        Palm","city":"Altadena","state":"CA","zip_code":"91001","zip_suffix_code":null}}],"visits":[],"annual_visit_year":null,"prelicensing_visit_date":null,"facility_source":"CWS/CMS"},"sort":[1.0,""]},{"_index":"facilities","_type":"facility","_id":"AbsaFbF194","_score":1.0,"_source":{"href":null,"id":"AbsaFbF194","capacity_last_changed":null,"type":{"id":"22","value":"Foster
        Family Agency Certified Home"},"adoption_home_only_indicator":false,"name":"","licensee_name":"","license_type":null,"assigned_worker":{"phones":[],"email":null,"full_name":"","id":null},"district_office":null,"license_number":null,"status":null,"capacity":0,"license_effective_date":null,"original_application_recieved_date":null,"last_visit_date":null,"last_deferred_visit_date":null,"email_address":null,"full_residential_address":"12128
        Wilson Lynwood CA 90262","full_mailing_address":null,"last_visit_reason":null,"last_deferred_visit_reason":null,"county":{"id":"19","value":"Los
        Angeles","lis_code":null},"phones":[],"addresses":[{"id":null,"type":"Residential","address":{"id":null,"longitude":null,"lattitude":null,"deliverable":null,"street_address":"12128
        Wilson","city":"Lynwood","state":"CA","zip_code":"90262","zip_suffix_code":null}}],"visits":[],"annual_visit_year":null,"prelicensing_visit_date":null,"facility_source":"CWS/CMS"},"sort":[1.0,""]},{"_index":"facilities","_type":"facility","_id":"AcSuuFV194","_score":1.0,"_source":{"href":null,"id":"AcSuuFV194","capacity_last_changed":null,"type":{"id":"22","value":"Foster
        Family Agency Certified Home"},"adoption_home_only_indicator":false,"name":"","licensee_name":"","license_type":null,"assigned_worker":{"phones":[],"email":null,"full_name":"","id":null},"district_office":null,"license_number":null,"status":null,"capacity":0,"license_effective_date":null,"original_application_recieved_date":null,"last_visit_date":null,"last_deferred_visit_date":null,"email_address":null,"full_residential_address":"9054
        Ave R12 Littlerock CA 93543","full_mailing_address":null,"last_visit_reason":null,"last_deferred_visit_reason":null,"county":{"id":"19","value":"Los
        Angeles","lis_code":null},"phones":[],"addresses":[{"id":null,"type":"Residential","address":{"id":null,"longitude":null,"lattitude":null,"deliverable":null,"street_address":"9054
        Ave R12","city":"Littlerock","state":"CA","zip_code":"93543","zip_suffix_code":null}}],"visits":[],"annual_visit_year":null,"prelicensing_visit_date":null,"facility_source":"CWS/CMS"},"sort":[1.0,""]},{"_index":"facilities","_type":"facility","_id":"AddIcPx194","_score":1.0,"_source":{"href":null,"id":"AddIcPx194","capacity_last_changed":null,"type":{"id":"22","value":"Foster
        Family Agency Certified Home"},"adoption_home_only_indicator":false,"name":"","licensee_name":"","license_type":null,"assigned_worker":{"phones":[],"email":null,"full_name":"","id":null},"district_office":null,"license_number":null,"status":null,"capacity":0,"license_effective_date":null,"original_application_recieved_date":null,"last_visit_date":null,"last_deferred_visit_date":null,"email_address":null,"full_residential_address":"5760
        Ave Quartz Hill CA 93536","full_mailing_address":null,"last_visit_reason":null,"last_deferred_visit_reason":null,"county":{"id":"19","value":"Los
        Angeles","lis_code":null},"phones":[],"addresses":[{"id":null,"type":"Residential","address":{"id":null,"longitude":null,"lattitude":null,"deliverable":null,"street_address":"5760
        Ave","city":"Quartz Hill","state":"CA","zip_code":"93536","zip_suffix_code":null}}],"visits":[],"annual_visit_year":null,"prelicensing_visit_date":null,"facility_source":"CWS/CMS"},"sort":[1.0,""]},{"_index":"facilities","_type":"facility","_id":"AbIFawz194","_score":1.0,"_source":{"href":null,"id":"AbIFawz194","capacity_last_changed":null,"type":{"id":"22","value":"Foster
        Family Agency Certified Home"},"adoption_home_only_indicator":false,"name":"","licensee_name":"","license_type":null,"assigned_worker":{"phones":[],"email":null,"full_name":"","id":null},"district_office":null,"license_number":null,"status":null,"capacity":0,"license_effective_date":null,"original_application_recieved_date":null,"last_visit_date":null,"last_deferred_visit_date":null,"email_address":null,"full_residential_address":"91620
        Alene Tujunga CA 91042","full_mailing_address":null,"last_visit_reason":null,"last_deferred_visit_reason":null,"county":{"id":"19","value":"Los
        Angeles","lis_code":null},"phones":[],"addresses":[{"id":null,"type":"Residential","address":{"id":null,"longitude":null,"lattitude":null,"deliverable":null,"street_address":"91620
        Alene","city":"Tujunga","state":"CA","zip_code":"91042","zip_suffix_code":null}}],"visits":[],"annual_visit_year":null,"prelicensing_visit_date":null,"facility_source":"CWS/CMS"},"sort":[1.0,""]},{"_index":"facilities","_type":"facility","_id":"AdvkXs9194","_score":1.0,"_source":{"href":null,"id":"AdvkXs9194","capacity_last_changed":null,"type":{"id":"22","value":"Foster
        Family Agency Certified Home"},"adoption_home_only_indicator":false,"name":"","licensee_name":"","license_type":null,"assigned_worker":{"phones":[],"email":null,"full_name":"","id":null},"district_office":null,"license_number":null,"status":null,"capacity":0,"license_effective_date":null,"original_application_recieved_date":null,"last_visit_date":null,"last_deferred_visit_date":null,"email_address":null,"full_residential_address":"38633
        Angeltrumpet Palmdale CA 93550","full_mailing_address":null,"last_visit_reason":null,"last_deferred_visit_reason":null,"county":{"id":"19","value":"Los
        Angeles","lis_code":null},"phones":[],"addresses":[{"id":null,"type":"Residential","address":{"id":null,"longitude":null,"lattitude":null,"deliverable":null,"street_address":"38633
        Angeltrumpet","city":"Palmdale","state":"CA","zip_code":"93550","zip_suffix_code":null}}],"visits":[],"annual_visit_year":null,"prelicensing_visit_date":null,"facility_source":"CWS/CMS"},"sort":[1.0,""]},{"_index":"facilities","_type":"facility","_id":"Aold4kr194","_score":1.0,"_source":{"href":null,"id":"Aold4kr194","capacity_last_changed":null,"type":{"id":"22","value":"Foster
        Family Agency Certified Home"},"adoption_home_only_indicator":false,"name":"","licensee_name":"","license_type":null,"assigned_worker":{"phones":[],"email":null,"full_name":"","id":null},"district_office":null,"license_number":null,"status":null,"capacity":0,"license_effective_date":null,"original_application_recieved_date":null,"last_visit_date":null,"last_deferred_visit_date":null,"email_address":null,"full_residential_address":"1301
        41st Los Angeles CA 90037","full_mailing_address":null,"last_visit_reason":null,"last_deferred_visit_reason":null,"county":{"id":"19","value":"Los
        Angeles","lis_code":null},"phones":[],"addresses":[{"id":null,"type":"Residential","address":{"id":null,"longitude":null,"lattitude":null,"deliverable":null,"street_address":"1301
        41st","city":"Los Angeles","state":"CA","zip_code":"90037","zip_suffix_code":null}}],"visits":[],"annual_visit_year":null,"prelicensing_visit_date":null,"facility_source":"CWS/CMS"},"sort":[1.0,""]},{"_index":"facilities","_type":"facility","_id":"AomCH0z194","_score":1.0,"_source":{"href":null,"id":"AomCH0z194","capacity_last_changed":null,"type":{"id":"22","value":"Foster
        Family Agency Certified Home"},"adoption_home_only_indicator":false,"name":"","licensee_name":"","license_type":null,"assigned_worker":{"phones":[],"email":null,"full_name":"","id":null},"district_office":null,"license_number":null,"status":null,"capacity":0,"license_effective_date":null,"original_application_recieved_date":null,"last_visit_date":null,"last_deferred_visit_date":null,"email_address":null,"full_residential_address":"10448
        Marklein Mission Hills CA 91345","full_mailing_address":null,"last_visit_reason":null,"last_deferred_visit_reason":null,"county":{"id":"19","value":"Los
        Angeles","lis_code":null},"phones":[],"addresses":[{"id":null,"type":"Residential","address":{"id":null,"longitude":null,"lattitude":null,"deliverable":null,"street_address":"10448
        Marklein","city":"Mission Hills","state":"CA","zip_code":"91345","zip_suffix_code":null}}],"visits":[],"annual_visit_year":null,"prelicensing_visit_date":null,"facility_source":"CWS/CMS"},"sort":[1.0,""]},{"_index":"facilities","_type":"facility","_id":"ApLxjP7194","_score":1.0,"_source":{"href":null,"id":"ApLxjP7194","capacity_last_changed":null,"type":{"id":"22","value":"Foster
        Family Agency Certified Home"},"adoption_home_only_indicator":false,"name":"","licensee_name":"","license_type":null,"assigned_worker":{"phones":[],"email":null,"full_name":"","id":null},"district_office":null,"license_number":null,"status":null,"capacity":0,"license_effective_date":null,"original_application_recieved_date":null,"last_visit_date":null,"last_deferred_visit_date":null,"email_address":null,"full_residential_address":"3985
        Strang Los Angeles CA 90063","full_mailing_address":null,"last_visit_reason":null,"last_deferred_visit_reason":null,"county":{"id":"19","value":"Los
        Angeles","lis_code":null},"phones":[],"addresses":[{"id":null,"type":"Residential","address":{"id":null,"longitude":null,"lattitude":null,"deliverable":null,"street_address":"3985
        Strang","city":"Los Angeles","state":"CA","zip_code":"90063","zip_suffix_code":null}}],"visits":[],"annual_visit_year":null,"prelicensing_visit_date":null,"facility_source":"CWS/CMS"},"sort":[1.0,""]},{"_index":"facilities","_type":"facility","_id":"Ap3nP4z194","_score":1.0,"_source":{"href":null,"id":"Ap3nP4z194","capacity_last_changed":null,"type":{"id":"22","value":"Foster
        Family Agency Certified Home"},"adoption_home_only_indicator":false,"name":"","licensee_name":"","license_type":null,"assigned_worker":{"phones":[],"email":null,"full_name":"","id":null},"district_office":null,"license_number":null,"status":null,"capacity":0,"license_effective_date":null,"original_application_recieved_date":null,"last_visit_date":null,"last_deferred_visit_date":null,"email_address":null,"full_residential_address":"15909
        Loukelton La Puente CA 91744","full_mailing_address":null,"last_visit_reason":null,"last_deferred_visit_reason":null,"county":{"id":"19","value":"Los
        Angeles","lis_code":null},"phones":[],"addresses":[{"id":null,"type":"Residential","address":{"id":null,"longitude":null,"lattitude":null,"deliverable":null,"street_address":"15909
        Loukelton","city":"La Puente","state":"CA","zip_code":"91744","zip_suffix_code":null}}],"visits":[],"annual_visit_year":null,"prelicensing_visit_date":null,"facility_source":"CWS/CMS"},"sort":[1.0,""]}]}}'
    http_version: 
  recorded_at: Tue, 24 Jul 2018 00:27:07 GMT
recorded_with: VCR 3.0.3
